ancient_greek	batch=2	cards=500	positive=0	closures=7	remaining=13441
ancient_greek	batch=3	cards=500	positive=0	closures=20	remaining=12941
ancient_greek	batch=4	cards=500	positive=0	closures=8	remaining=12441
ancient_greek	batch=5	cards=500	positive=0	closures=15	remaining=11941
ancient_greek	batch=6	cards=500	positive=0	closures=12	remaining=11441
ancient_greek	batch=7	cards=500	positive=0	closures=2	remaining=10941
ancient_greek	batch=8	cards=500	positive=0	closures=8	remaining=10441
ancient_greek	batch=9	cards=500	positive=0	closures=7	remaining=9941
ancient_greek	batch=10	cards=500	positive=0	closures=11	remaining=9441
ancient_greek	batch=11	cards=500	positive=0	closures=8	remaining=8941
ancient_greek	batch=12	cards=500	positive=0	closures=16	remaining=8441
ancient_greek	batch=13	cards=500	positive=0	closures=13	remaining=7941
ancient_greek	batch=14	cards=500	positive=0	closures=10	remaining=7441
ancient_greek	batch=15	cards=500	positive=0	closures=15	remaining=6941
ancient_greek	batch=16	cards=500	positive=0	closures=20	remaining=6441
ancient_greek	batch=17	cards=500	positive=0	closures=5	remaining=5941
ancient_greek	batch=18	cards=500	positive=0	closures=7	remaining=5441
ancient_greek	batch=19	cards=500	positive=0	closures=10	remaining=4941
ancient_greek	batch=20	cards=500	positive=0	closures=18	remaining=4441
ancient_greek	batch=21	cards=500	positive=0	closures=9	remaining=3941
ancient_greek	batch=22	cards=500	positive=0	closures=14	remaining=3441
ancient_greek	batch=23	cards=500	positive=0	closures=18	remaining=2941
ancient_greek	batch=24	cards=500	positive=0	closures=6	remaining=2441
ancient_greek	batch=25	cards=500	positive=0	closures=5	remaining=1941
ancient_greek	batch=26	cards=500	positive=0	closures=19	remaining=1441
ancient_greek	batch=27	cards=500	positive=0	closures=14	remaining=941
ancient_greek	batch=28	cards=500	positive=0	closures=3	remaining=441
ancient_greek	batch=29	cards=441	positive=0	closures=6	remaining=0
latin	batch=1	cards=500	positive=0	closures=116	remaining=35878
latin	batch=2	cards=500	positive=0	closures=104	remaining=35378
latin	batch=3	cards=500	positive=0	closures=94	remaining=34878
latin	batch=4	cards=500	positive=0	closures=83	remaining=34378
latin	batch=5	cards=500	positive=0	closures=73	remaining=33878
latin	batch=6	cards=500	positive=0	closures=94	remaining=33378
latin	batch=7	cards=500	positive=0	closures=49	remaining=32878
latin	batch=8	cards=500	positive=0	closures=58	remaining=32378
latin	batch=9	cards=500	positive=0	closures=66	remaining=31878
latin	batch=10	cards=500	positive=0	closures=36	remaining=31378
latin	batch=11	cards=500	positive=0	closures=50	remaining=30878
latin	batch=12	cards=500	positive=0	closures=49	remaining=30378
latin	batch=13	cards=500	positive=0	closures=57	remaining=29878
latin	batch=14	cards=500	positive=0	closures=34	remaining=29378
latin	batch=15	cards=500	positive=0	closures=33	remaining=28878
latin	batch=16	cards=500	positive=0	closures=46	remaining=28378
latin	batch=17	cards=500	positive=0	closures=51	remaining=27878
latin	batch=18	cards=500	positive=0	closures=44	remaining=27378
latin	batch=19	cards=500	positive=0	closures=69	remaining=26878
latin	batch=20	cards=500	positive=0	closures=41	remaining=26378
latin	batch=21	cards=500	positive=0	closures=25	remaining=25878
latin	batch=22	cards=500	positive=0	closures=28	remaining=25378
latin	batch=23	cards=500	positive=0	closures=13	remaining=24878
latin	batch=24	cards=500	positive=0	closures=18	remaining=24378
latin	batch=25	cards=500	positive=0	closures=6	remaining=23878
latin	batch=26	cards=500	positive=0	closures=2	remaining=23378
latin	batch=27	cards=500	positive=0	closures=10	remaining=22878
latin	batch=28	cards=500	positive=0	closures=21	remaining=22378
latin	batch=29	cards=500	positive=0	closures=46	remaining=21878
latin	batch=30	cards=500	positive=0	closures=9	remaining=21378
latin	batch=31	cards=500	positive=0	closures=6	remaining=20878
latin	batch=32	cards=500	positive=0	closures=5	remaining=20378
latin	batch=33	cards=500	positive=0	closures=33	remaining=19878
latin	batch=34	cards=500	positive=0	closures=22	remaining=19378
latin	batch=35	cards=500	positive=0	closures=37	remaining=18878
latin	batch=36	cards=500	positive=0	closures=15	remaining=18378
latin	batch=37	cards=500	positive=0	closures=20	remaining=17878
latin	batch=38	cards=500	positive=0	closures=17	remaining=17378
latin	batch=39	cards=500	positive=0	closures=17	remaining=16878
latin	batch=40	cards=500	positive=0	closures=26	remaining=16378
latin	batch=41	cards=500	positive=0	closures=32	remaining=15878
latin	batch=42	cards=500	positive=0	closures=16	remaining=15378
latin	batch=43	cards=500	positive=0	closures=22	remaining=14878
latin	batch=44	cards=500	positive=0	closures=52	remaining=14378
latin	batch=45	cards=500	positive=0	closures=26	remaining=13878
latin	batch=46	cards=500	positive=0	closures=21	remaining=13378
latin	batch=47	cards=500	positive=0	closures=25	remaining=12878
latin	batch=48	cards=500	positive=0	closures=45	remaining=12378
latin	batch=49	cards=500	positive=0	closures=43	remaining=11878
latin	batch=50	cards=500	positive=0	closures=100	remaining=11378
latin	batch=51	cards=500	positive=0	closures=76	remaining=10878
latin	batch=52	cards=500	positive=0	closures=62	remaining=10378
latin	batch=53	cards=500	positive=0	closures=60	remaining=9878
latin	batch=54	cards=500	positive=0	closures=37	remaining=9378
latin	batch=55	cards=500	positive=0	closures=48	remaining=8878
latin	batch=56	cards=500	positive=0	closures=55	remaining=8378
latin	batch=57	cards=500	positive=0	closures=59	remaining=7878
latin	batch=58	cards=500	positive=0	closures=51	remaining=7378
latin	batch=59	cards=500	positive=0	closures=235	remaining=6878
latin	batch=60	cards=500	positive=0	closures=160	remaining=6378
latin	batch=61	cards=500	positive=0	closures=158	remaining=5878
latin	batch=62	cards=500	positive=0	closures=87	remaining=5378
latin	batch=63	cards=500	positive=0	closures=56	remaining=4878
latin	batch=64	cards=500	positive=0	closures=40	remaining=4378
latin	batch=65	cards=500	positive=0	closures=92	remaining=3878
latin	batch=66	cards=500	positive=0	closures=49	remaining=3378
latin	batch=67	cards=500	positive=0	closures=33	remaining=2878
latin	batch=68	cards=500	positive=0	closures=39	remaining=2378
latin	batch=69	cards=500	positive=0	closures=51	remaining=1878
latin	batch=70	cards=500	positive=0	closures=51	remaining=1378
latin	batch=71	cards=500	positive=0	closures=60	remaining=878
latin	batch=72	cards=500	positive=0	closures=80	remaining=378
latin	batch=73	cards=378	positive=0	closures=62	remaining=0
persian	batch=1	cards=500	positive=0	closures=189	remaining=12516
persian	batch=2	cards=500	positive=0	closures=193	remaining=12016
persian	batch=3	cards=500	positive=0	closures=213	remaining=11516
persian	batch=4	cards=500	positive=1	closures=171	remaining=11016
persian	batch=5	cards=500	positive=0	closures=184	remaining=10516
persian	batch=6	cards=500	positive=0	closures=199	remaining=10016
persian	batch=7	cards=500	positive=0	closures=159	remaining=9516
persian	batch=8	cards=500	positive=0	closures=146	remaining=9016
persian	batch=9	cards=500	positive=0	closures=143	remaining=8516
persian	batch=10	cards=500	positive=0	closures=124	remaining=8016
persian	batch=11	cards=500	positive=0	closures=159	remaining=7516
persian	batch=12	cards=500	positive=0	closures=172	remaining=7016
persian	batch=13	cards=500	positive=0	closures=247	remaining=6516
persian	batch=14	cards=500	positive=0	closures=218	remaining=6016
persian	batch=15	cards=500	positive=0	closures=136	remaining=5516
persian	batch=16	cards=500	positive=0	closures=155	remaining=5016
persian	batch=17	cards=500	positive=0	closures=190	remaining=4516
persian	batch=18	cards=500	positive=0	closures=141	remaining=4016
persian	batch=19	cards=500	positive=0	closures=163	remaining=3516
persian	batch=20	cards=500	positive=0	closures=156	remaining=3016
persian	batch=21	cards=500	positive=0	closures=244	remaining=2516
persian	batch=22	cards=500	positive=0	closures=208	remaining=2016
persian	batch=23	cards=500	positive=0	closures=213	remaining=1516
persian	batch=24	cards=500	positive=0	closures=191	remaining=1016
persian	batch=25	cards=500	positive=0	closures=175	remaining=516
persian	batch=26	cards=500	positive=0	closures=131	remaining=16
persian	batch=27	cards=16	positive=0	closures=2	remaining=0
gothic	batch=1	cards=500	positive=1	closures=30	remaining=1911
gothic	batch=2	cards=500	positive=0	closures=25	remaining=1411
gothic	batch=3	cards=500	positive=0	closures=19	remaining=911
gothic	batch=4	cards=500	positive=0	closures=21	remaining=411
gothic	batch=5	cards=411	positive=0	closures=26	remaining=0
old_norse	batch=1	cards=500	positive=1	closures=26	remaining=2612
old_norse	batch=2	cards=500	positive=0	closures=19	remaining=2112
old_norse	batch=3	cards=500	positive=0	closures=16	remaining=1612
old_norse	batch=4	cards=500	positive=0	closures=10	remaining=1112
old_norse	batch=5	cards=500	positive=0	closures=4	remaining=612
old_norse	batch=6	cards=500	positive=0	closures=10	remaining=112
old_norse	batch=7	cards=112	positive=0	closures=2	remaining=0
welsh	batch=1	cards=500	positive=0	closures=159	remaining=14419
welsh	batch=2	cards=500	positive=0	closures=141	remaining=13919
welsh	batch=3	cards=500	positive=0	closures=129	remaining=13419
welsh	batch=4	cards=500	positive=0	closures=97	remaining=12919
welsh	batch=5	cards=500	positive=0	closures=94	remaining=12419
welsh	batch=6	cards=500	positive=0	closures=96	remaining=11919
welsh	batch=7	cards=500	positive=0	closures=66	remaining=11419
welsh	batch=8	cards=500	positive=0	closures=49	remaining=10919
welsh	batch=9	cards=500	positive=0	closures=72	remaining=10419
welsh	batch=10	cards=500	positive=0	closures=46	remaining=9919
welsh	batch=11	cards=500	positive=0	closures=78	remaining=9419
welsh	batch=12	cards=500	positive=0	closures=80	remaining=8919
welsh	batch=13	cards=500	positive=0	closures=60	remaining=8419
welsh	batch=14	cards=500	positive=0	closures=83	remaining=7919
welsh	batch=15	cards=500	positive=0	closures=130	remaining=7419
welsh	batch=16	cards=500	positive=0	closures=44	remaining=6919
welsh	batch=17	cards=500	positive=0	closures=39	remaining=6419
welsh	batch=18	cards=500	positive=0	closures=60	remaining=5919
welsh	batch=19	cards=500	positive=0	closures=46	remaining=5419
welsh	batch=20	cards=500	positive=0	closures=39	remaining=4919
welsh	batch=21	cards=500	positive=0	closures=44	remaining=4419
welsh	batch=22	cards=500	positive=0	closures=26	remaining=3919
welsh	batch=23	cards=500	positive=0	closures=39	remaining=3419
welsh	batch=24	cards=500	positive=0	closures=34	remaining=2919
welsh	batch=25	cards=500	positive=0	closures=49	remaining=2419
welsh	batch=26	cards=500	positive=0	closures=48	remaining=1919
welsh	batch=27	cards=500	positive=0	closures=44	remaining=1419
welsh	batch=28	cards=500	positive=0	closures=46	remaining=919
welsh	batch=29	cards=500	positive=0	closures=28	remaining=419
welsh	batch=30	cards=419	positive=0	closures=43	remaining=0
